
> myia-chatbot@0.1.0 dev
> next dev

▲ Next.js 16.3.5 (Turbopack)
- Local:         http://localhost:3000
- Network:       http://172.18.0.1:3000
- Environments: .env
✓ Ready in 1098ms
✓ Running next.config.ts took 143ms

 POST /api/chat 200 in 3.1s (next.js: 2.7s, application-code: 335ms)
 POST /api/chat 200 in 74ms (next.js: 12ms, application-code: 62ms)
 POST /api/chat 200 in 14ms (next.js: 5ms, application-code: 9ms)
 POST /api/chat 200 in 10ms (next.js: 4ms, application-code: 6ms)
 POST /api/chat 200 in 12ms (next.js: 3ms, application-code: 9ms)
○ Compiling / ...
 GET / 200 in 9.0s (next.js: 8.8s, application-code: 237ms)
 POST /api/chat 200 in 16ms (next.js: 5ms, application-code: 11ms)
 POST /api/chat 200 in 23ms (next.js: 3ms, application-code: 20ms)
 POST /api/chat 200 in 18ms (next.js: 8ms, application-code: 10ms)
 POST /api/chat 200 in 30ms (next.js: 17ms, application-code: 14ms)
 POST /api/chat 200 in 14ms (next.js: 6ms, application-code: 9ms)
 POST /api/chat 200 in 24ms (next.js: 7ms, application-code: 17ms)
 POST /api/chat 200 in 14ms (next.js: 7ms, application-code: 7ms)
✓ Compiled in 190ms
 GET / 200 in 57ms (next.js: 18ms, application-code: 39ms)
✓ Compiled in 165ms
 GET / 200 in 95ms (next.js: 31ms, application-code: 65ms)
 GET / 200 in 39ms (next.js: 6ms, application-code: 34ms)
 POST /api/chat 200 in 12ms (next.js: 4ms, application-code: 9ms)
 POST /api/chat 200 in 12ms (next.js: 6ms, application-code: 5ms)
 POST /api/chat 200 in 8ms (next.js: 3ms, application-code: 4ms)
 GET / 200 in 187ms (next.js: 124ms, application-code: 63ms)
 GET / 200 in 59ms (next.js: 4ms, application-code: 55ms)
 GET / 200 in 52ms (next.js: 4ms, application-code: 49ms)
 GET / 200 in 58ms (next.js: 4ms, application-code: 54ms)
 GET / 200 in 76ms (next.js: 6ms, application-code: 69ms)
 GET / 200 in 78ms (next.js: 9ms, application-code: 69ms)
 GET / 200 in 71ms (next.js: 4ms, application-code: 66ms)
 GET / 200 in 68ms (next.js: 5ms, application-code: 63ms)
 GET / 200 in 76ms (next.js: 4ms, application-code: 71ms)
 GET / 200 in 46ms (next.js: 10ms, application-code: 36ms)
✓ Compiled in 115ms
 GET / 200 in 41ms (next.js: 9ms, application-code: 32ms)
✓ Compiled in 229ms
 GET /api/products 200 in 590ms (next.js: 476ms, application-code: 115ms)
 GET /api/products 200 in 11ms (next.js: 3ms, application-code: 8ms)
✓ Compiled in 125ms
 GET / 200 in 82ms (next.js: 20ms, application-code: 63ms)
 GET / 200 in 195ms (next.js: 14ms, application-code: 180ms)
 GET /api/products 200 in 21ms (next.js: 7ms, application-code: 14ms)
 GET /api/products 200 in 10ms (next.js: 3ms, application-code: 7ms)
 POST /api/chat 200 in 73ms (next.js: 58ms, application-code: 15ms)
 POST /api/chat 200 in 7ms (next.js: 2ms, application-code: 5ms)
✓ Compiled in 158ms
 GET /api/products 200 in 74ms (next.js: 10ms, application-code: 64ms)
 GET / 200 in 148ms (next.js: 14ms, application-code: 135ms)
 GET / 200 in 98ms (next.js: 32ms, application-code: 67ms)
 GET /api/products 200 in 12ms (next.js: 3ms, application-code: 8ms)
 GET /api/products 200 in 20ms (next.js: 7ms, application-code: 13ms)
 GET /api/products 200 in 14ms (next.js: 2ms, application-code: 12ms)
✓ Compiled in 147ms
 GET /api/products 200 in 49ms (next.js: 7ms, application-code: 42ms)
 GET / 200 in 107ms (next.js: 9ms, application-code: 97ms)
 GET /api/products 200 in 12ms (next.js: 5ms, application-code: 6ms)
 GET / 200 in 64ms (next.js: 16ms, application-code: 47ms)
 GET /api/products 200 in 11ms (next.js: 2ms, application-code: 9ms)
 GET /api/products 200 in 16ms (next.js: 4ms, application-code: 12ms)
✓ Compiled in 59ms
 GET / 200 in 64ms (next.js: 12ms, application-code: 52ms)
 GET / 200 in 68ms (next.js: 5ms, application-code: 63ms)
